// Jest Snapshot v1, https://goo.gl/fbAQLP

exports[`connections-filter.graphql 1`] = `
Object {
  "data": Object {
    "boolean_distinctFrom_true": Object {
      "edges": Array [
        Object {
          "cursor": "WyJwcmltYXJ5X2tleV9hc2MiLFszXV0=",
          "node": Object {
            "boolean": false,
            "id": 3,
            "int": 3,
            "numeric": "0.3",
            "real": 0.3,
            "string": "tEST",
          },
        },
        Object {
          "cursor": "WyJwcmltYXJ5X2tleV9hc2MiLFs0XV0=",
          "node": Object {
            "boolean": false,
            "id": 4,
            "int": 4,
            "numeric": "0.4",
            "real": 0.4,
            "string": "test",
          },
        },
        Object {
          "cursor": "WyJwcmltYXJ5X2tleV9hc2MiLFs1XV0=",
          "node": Object {
            "boolean": null,
            "id": 5,
            "int": null,
            "numeric": null,
            "real": null,
            "string": null,
          },
        },
      ],
      "pageInfo": Object {
        "endCursor": "WyJwcmltYXJ5X2tleV9hc2MiLFs1XV0=",
        "hasNextPage": false,
        "hasPreviousPage": false,
        "startCursor": "WyJwcmltYXJ5X2tleV9hc2MiLFszXV0=",
      },
      "totalCount": 3,
    },
    "boolean_equalTo_true": Object {
      "edges": Array [
        Object {
          "cursor": "WyJwcmltYXJ5X2tleV9hc2MiLFsxXV0=",
          "node": Object {
            "boolean": true,
            "id": 1,
            "int": 1,
            "numeric": "0.1",
            "real": 0.1,
            "string": "TEST",
          },
        },
        Object {
          "cursor": "WyJwcmltYXJ5X2tleV9hc2MiLFsyXV0=",
          "node": Object {
            "boolean": true,
            "id": 2,
            "int": 2,
            "numeric": "0.2",
            "real": 0.2,
            "string": "Test",
          },
        },
      ],
      "pageInfo": Object {
        "endCursor": "WyJwcmltYXJ5X2tleV9hc2MiLFsyXV0=",
        "hasNextPage": false,
        "hasPreviousPage": false,
        "startCursor": "WyJwcmltYXJ5X2tleV9hc2MiLFsxXV0=",
      },
      "totalCount": 2,
    },
    "boolean_isNull_false": Object {
      "edges": Array [
        Object {
          "cursor": "WyJwcmltYXJ5X2tleV9hc2MiLFsxXV0=",
          "node": Object {
            "boolean": true,
            "id": 1,
            "int": 1,
            "numeric": "0.1",
            "real": 0.1,
            "string": "TEST",
          },
        },
        Object {
          "cursor": "WyJwcmltYXJ5X2tleV9hc2MiLFsyXV0=",
          "node": Object {
            "boolean": true,
            "id": 2,
            "int": 2,
            "numeric": "0.2",
            "real": 0.2,
            "string": "Test",
          },
        },
        Object {
          "cursor": "WyJwcmltYXJ5X2tleV9hc2MiLFszXV0=",
          "node": Object {
            "boolean": false,
            "id": 3,
            "int": 3,
            "numeric": "0.3",
            "real": 0.3,
            "string": "tEST",
          },
        },
        Object {
          "cursor": "WyJwcmltYXJ5X2tleV9hc2MiLFs0XV0=",
          "node": Object {
            "boolean": false,
            "id": 4,
            "int": 4,
            "numeric": "0.4",
            "real": 0.4,
            "string": "test",
          },
        },
      ],
      "pageInfo": Object {
        "endCursor": "WyJwcmltYXJ5X2tleV9hc2MiLFs0XV0=",
        "hasNextPage": false,
        "hasPreviousPage": false,
        "startCursor": "WyJwcmltYXJ5X2tleV9hc2MiLFsxXV0=",
      },
      "totalCount": 4,
    },
    "boolean_isNull_true": Object {
      "edges": Array [
        Object {
          "cursor": "WyJwcmltYXJ5X2tleV9hc2MiLFs1XV0=",
          "node": Object {
            "boolean": null,
            "id": 5,
            "int": null,
            "numeric": null,
            "real": null,
            "string": null,
          },
        },
      ],
      "pageInfo": Object {
        "endCursor": "WyJwcmltYXJ5X2tleV9hc2MiLFs1XV0=",
        "hasNextPage": false,
        "hasPreviousPage": false,
        "startCursor": "WyJwcmltYXJ5X2tleV9hc2MiLFs1XV0=",
      },
      "totalCount": 1,
    },
    "boolean_notDistinctFrom_true": Object {
      "edges": Array [
        Object {
          "cursor": "WyJwcmltYXJ5X2tleV9hc2MiLFsxXV0=",
          "node": Object {
            "boolean": true,
            "id": 1,
            "int": 1,
            "numeric": "0.1",
            "real": 0.1,
            "string": "TEST",
          },
        },
        Object {
          "cursor": "WyJwcmltYXJ5X2tleV9hc2MiLFsyXV0=",
          "node": Object {
            "boolean": true,
            "id": 2,
            "int": 2,
            "numeric": "0.2",
            "real": 0.2,
            "string": "Test",
          },
        },
      ],
      "pageInfo": Object {
        "endCursor": "WyJwcmltYXJ5X2tleV9hc2MiLFsyXV0=",
        "hasNextPage": false,
        "hasPreviousPage": false,
        "startCursor": "WyJwcmltYXJ5X2tleV9hc2MiLFsxXV0=",
      },
      "totalCount": 2,
    },
    "boolean_notEqualTo_true": Object {
      "edges": Array [
        Object {
          "cursor": "WyJwcmltYXJ5X2tleV9hc2MiLFszXV0=",
          "node": Object {
            "boolean": false,
            "id": 3,
            "int": 3,
            "numeric": "0.3",
            "real": 0.3,
            "string": "tEST",
          },
        },
        Object {
          "cursor": "WyJwcmltYXJ5X2tleV9hc2MiLFs0XV0=",
          "node": Object {
            "boolean": false,
            "id": 4,
            "int": 4,
            "numeric": "0.4",
            "real": 0.4,
            "string": "test",
          },
        },
      ],
      "pageInfo": Object {
        "endCursor": "WyJwcmltYXJ5X2tleV9hc2MiLFs0XV0=",
        "hasNextPage": false,
        "hasPreviousPage": false,
        "startCursor": "WyJwcmltYXJ5X2tleV9hc2MiLFszXV0=",
      },
      "totalCount": 2,
    },
    "computed_equalTo_test_computed": Object {
      "edges": Array [
        Object {
          "cursor": "WyJwcmltYXJ5X2tleV9hc2MiLFs0XV0=",
          "node": Object {
            "boolean": false,
            "id": 4,
            "int": 4,
            "numeric": "0.4",
            "real": 0.4,
            "string": "test",
          },
        },
      ],
      "pageInfo": Object {
        "endCursor": "WyJwcmltYXJ5X2tleV9hc2MiLFs0XV0=",
        "hasNextPage": false,
        "hasPreviousPage": false,
        "startCursor": "WyJwcmltYXJ5X2tleV9hc2MiLFs0XV0=",
      },
      "totalCount": 1,
    },
    "int_equalTo_2_and_string_endsWith_t": Object {
      "edges": Array [
        Object {
          "cursor": "WyJwcmltYXJ5X2tleV9hc2MiLFsyXV0=",
          "node": Object {
            "boolean": true,
            "id": 2,
            "int": 2,
            "numeric": "0.2",
            "real": 0.2,
            "string": "Test",
          },
        },
      ],
      "pageInfo": Object {
        "endCursor": "WyJwcmltYXJ5X2tleV9hc2MiLFsyXV0=",
        "hasNextPage": false,
        "hasPreviousPage": false,
        "startCursor": "WyJwcmltYXJ5X2tleV9hc2MiLFsyXV0=",
      },
      "totalCount": 1,
    },
    "int_equalTo_2_or_string_endsWith_t": Object {
      "edges": Array [
        Object {
          "cursor": "WyJwcmltYXJ5X2tleV9hc2MiLFsyXV0=",
          "node": Object {
            "boolean": true,
            "id": 2,
            "int": 2,
            "numeric": "0.2",
            "real": 0.2,
            "string": "Test",
          },
        },
        Object {
          "cursor": "WyJwcmltYXJ5X2tleV9hc2MiLFs0XV0=",
          "node": Object {
            "boolean": false,
            "id": 4,
            "int": 4,
            "numeric": "0.4",
            "real": 0.4,
            "string": "test",
          },
        },
      ],
      "pageInfo": Object {
        "endCursor": "WyJwcmltYXJ5X2tleV9hc2MiLFs0XV0=",
        "hasNextPage": false,
        "hasPreviousPage": false,
        "startCursor": "WyJwcmltYXJ5X2tleV9hc2MiLFsyXV0=",
      },
      "totalCount": 2,
    },
    "int_greaterThanOrEqualTo_2": Object {
      "edges": Array [
        Object {
          "cursor": "WyJwcmltYXJ5X2tleV9hc2MiLFsyXV0=",
          "node": Object {
            "boolean": true,
            "id": 2,
            "int": 2,
            "numeric": "0.2",
            "real": 0.2,
            "string": "Test",
          },
        },
        Object {
          "cursor": "WyJwcmltYXJ5X2tleV9hc2MiLFszXV0=",
          "node": Object {
            "boolean": false,
            "id": 3,
            "int": 3,
            "numeric": "0.3",
            "real": 0.3,
            "string": "tEST",
          },
        },
        Object {
          "cursor": "WyJwcmltYXJ5X2tleV9hc2MiLFs0XV0=",
          "node": Object {
            "boolean": false,
            "id": 4,
            "int": 4,
            "numeric": "0.4",
            "real": 0.4,
            "string": "test",
          },
        },
      ],
      "pageInfo": Object {
        "endCursor": "WyJwcmltYXJ5X2tleV9hc2MiLFs0XV0=",
        "hasNextPage": false,
        "hasPreviousPage": false,
        "startCursor": "WyJwcmltYXJ5X2tleV9hc2MiLFsyXV0=",
      },
      "totalCount": 3,
    },
    "int_greaterThan_2": Object {
      "edges": Array [
        Object {
          "cursor": "WyJwcmltYXJ5X2tleV9hc2MiLFszXV0=",
          "node": Object {
            "boolean": false,
            "id": 3,
            "int": 3,
            "numeric": "0.3",
            "real": 0.3,
            "string": "tEST",
          },
        },
        Object {
          "cursor": "WyJwcmltYXJ5X2tleV9hc2MiLFs0XV0=",
          "node": Object {
            "boolean": false,
            "id": 4,
            "int": 4,
            "numeric": "0.4",
            "real": 0.4,
            "string": "test",
          },
        },
      ],
      "pageInfo": Object {
        "endCursor": "WyJwcmltYXJ5X2tleV9hc2MiLFs0XV0=",
        "hasNextPage": false,
        "hasPreviousPage": false,
        "startCursor": "WyJwcmltYXJ5X2tleV9hc2MiLFszXV0=",
      },
      "totalCount": 2,
    },
    "int_in_2_3": Object {
      "edges": Array [
        Object {
          "cursor": "WyJwcmltYXJ5X2tleV9hc2MiLFsyXV0=",
          "node": Object {
            "boolean": true,
            "id": 2,
            "int": 2,
            "numeric": "0.2",
            "real": 0.2,
            "string": "Test",
          },
        },
        Object {
          "cursor": "WyJwcmltYXJ5X2tleV9hc2MiLFszXV0=",
          "node": Object {
            "boolean": false,
            "id": 3,
            "int": 3,
            "numeric": "0.3",
            "real": 0.3,
            "string": "tEST",
          },
        },
      ],
      "pageInfo": Object {
        "endCursor": "WyJwcmltYXJ5X2tleV9hc2MiLFszXV0=",
        "hasNextPage": false,
        "hasPreviousPage": false,
        "startCursor": "WyJwcmltYXJ5X2tleV9hc2MiLFsyXV0=",
      },
      "totalCount": 2,
    },
    "int_lessThanOrEqualTo_2": Object {
      "edges": Array [
        Object {
          "cursor": "WyJwcmltYXJ5X2tleV9hc2MiLFsxXV0=",
          "node": Object {
            "boolean": true,
            "id": 1,
            "int": 1,
            "numeric": "0.1",
            "real": 0.1,
            "string": "TEST",
          },
        },
        Object {
          "cursor": "WyJwcmltYXJ5X2tleV9hc2MiLFsyXV0=",
          "node": Object {
            "boolean": true,
            "id": 2,
            "int": 2,
            "numeric": "0.2",
            "real": 0.2,
            "string": "Test",
          },
        },
      ],
      "pageInfo": Object {
        "endCursor": "WyJwcmltYXJ5X2tleV9hc2MiLFsyXV0=",
        "hasNextPage": false,
        "hasPreviousPage": false,
        "startCursor": "WyJwcmltYXJ5X2tleV9hc2MiLFsxXV0=",
      },
      "totalCount": 2,
    },
    "int_lessThan_2": Object {
      "edges": Array [
        Object {
          "cursor": "WyJwcmltYXJ5X2tleV9hc2MiLFsxXV0=",
          "node": Object {
            "boolean": true,
            "id": 1,
            "int": 1,
            "numeric": "0.1",
            "real": 0.1,
            "string": "TEST",
          },
        },
      ],
      "pageInfo": Object {
        "endCursor": "WyJwcmltYXJ5X2tleV9hc2MiLFsxXV0=",
        "hasNextPage": false,
        "hasPreviousPage": false,
        "startCursor": "WyJwcmltYXJ5X2tleV9hc2MiLFsxXV0=",
      },
      "totalCount": 1,
    },
    "int_notIn_2_3": Object {
      "edges": Array [
        Object {
          "cursor": "WyJwcmltYXJ5X2tleV9hc2MiLFsxXV0=",
          "node": Object {
            "boolean": true,
            "id": 1,
            "int": 1,
            "numeric": "0.1",
            "real": 0.1,
            "string": "TEST",
          },
        },
        Object {
          "cursor": "WyJwcmltYXJ5X2tleV9hc2MiLFs0XV0=",
          "node": Object {
            "boolean": false,
            "id": 4,
            "int": 4,
            "numeric": "0.4",
            "real": 0.4,
            "string": "test",
          },
        },
      ],
      "pageInfo": Object {
        "endCursor": "WyJwcmltYXJ5X2tleV9hc2MiLFs0XV0=",
        "hasNextPage": false,
        "hasPreviousPage": false,
        "startCursor": "WyJwcmltYXJ5X2tleV9hc2MiLFsxXV0=",
      },
      "totalCount": 2,
    },
    "jsonb_containedBy_object": Object {
      "nodes": Array [
        Object {
          "id": 4,
          "jsonb": "{\\"int\\":4,\\"string\\":\\"test\\",\\"boolean\\":false}",
        },
      ],
    },
    "jsonb_contains_boolean": Object {
      "nodes": Array [
        Object {
          "id": 1,
          "jsonb": "{\\"int\\":1,\\"string\\":\\"TEST\\",\\"boolean\\":true}",
        },
        Object {
          "id": 2,
          "jsonb": "{\\"int\\":2,\\"string\\":\\"Test\\",\\"boolean\\":true}",
        },
      ],
    },
    "jsonb_contains_int": Object {
      "nodes": Array [
        Object {
          "id": 2,
          "jsonb": "{\\"int\\":2,\\"string\\":\\"Test\\",\\"boolean\\":true}",
        },
      ],
    },
    "jsonb_contains_string": Object {
      "nodes": Array [
        Object {
          "id": 4,
          "jsonb": "{\\"int\\":4,\\"string\\":\\"test\\",\\"boolean\\":false}",
        },
      ],
    },
    "not_int_equalTo_2_or_string_endsWith_t": Object {
      "edges": Array [
        Object {
          "cursor": "WyJwcmltYXJ5X2tleV9hc2MiLFsxXV0=",
          "node": Object {
            "boolean": true,
            "id": 1,
            "int": 1,
            "numeric": "0.1",
            "real": 0.1,
            "string": "TEST",
          },
        },
        Object {
          "cursor": "WyJwcmltYXJ5X2tleV9hc2MiLFszXV0=",
          "node": Object {
            "boolean": false,
            "id": 3,
            "int": 3,
            "numeric": "0.3",
            "real": 0.3,
            "string": "tEST",
          },
        },
      ],
      "pageInfo": Object {
        "endCursor": "WyJwcmltYXJ5X2tleV9hc2MiLFszXV0=",
        "hasNextPage": false,
        "hasPreviousPage": false,
        "startCursor": "WyJwcmltYXJ5X2tleV9hc2MiLFsxXV0=",
      },
      "totalCount": 2,
    },
    "not_string_equalTo_test": Object {
      "edges": Array [
        Object {
          "cursor": "WyJwcmltYXJ5X2tleV9hc2MiLFsxXV0=",
          "node": Object {
            "boolean": true,
            "id": 1,
            "int": 1,
            "numeric": "0.1",
            "real": 0.1,
            "string": "TEST",
          },
        },
        Object {
          "cursor": "WyJwcmltYXJ5X2tleV9hc2MiLFsyXV0=",
          "node": Object {
            "boolean": true,
            "id": 2,
            "int": 2,
            "numeric": "0.2",
            "real": 0.2,
            "string": "Test",
          },
        },
        Object {
          "cursor": "WyJwcmltYXJ5X2tleV9hc2MiLFszXV0=",
          "node": Object {
            "boolean": false,
            "id": 3,
            "int": 3,
            "numeric": "0.3",
            "real": 0.3,
            "string": "tEST",
          },
        },
      ],
      "pageInfo": Object {
        "endCursor": "WyJwcmltYXJ5X2tleV9hc2MiLFszXV0=",
        "hasNextPage": false,
        "hasPreviousPage": false,
        "startCursor": "WyJwcmltYXJ5X2tleV9hc2MiLFsxXV0=",
      },
      "totalCount": 3,
    },
    "string_containsInsensitive_t": Object {
      "edges": Array [
        Object {
          "cursor": "WyJwcmltYXJ5X2tleV9hc2MiLFsxXV0=",
          "node": Object {
            "boolean": true,
            "id": 1,
            "int": 1,
            "numeric": "0.1",
            "real": 0.1,
            "string": "TEST",
          },
        },
        Object {
          "cursor": "WyJwcmltYXJ5X2tleV9hc2MiLFsyXV0=",
          "node": Object {
            "boolean": true,
            "id": 2,
            "int": 2,
            "numeric": "0.2",
            "real": 0.2,
            "string": "Test",
          },
        },
        Object {
          "cursor": "WyJwcmltYXJ5X2tleV9hc2MiLFszXV0=",
          "node": Object {
            "boolean": false,
            "id": 3,
            "int": 3,
            "numeric": "0.3",
            "real": 0.3,
            "string": "tEST",
          },
        },
        Object {
          "cursor": "WyJwcmltYXJ5X2tleV9hc2MiLFs0XV0=",
          "node": Object {
            "boolean": false,
            "id": 4,
            "int": 4,
            "numeric": "0.4",
            "real": 0.4,
            "string": "test",
          },
        },
      ],
      "pageInfo": Object {
        "endCursor": "WyJwcmltYXJ5X2tleV9hc2MiLFs0XV0=",
        "hasNextPage": false,
        "hasPreviousPage": false,
        "startCursor": "WyJwcmltYXJ5X2tleV9hc2MiLFsxXV0=",
      },
      "totalCount": 4,
    },
    "string_contains_t": Object {
      "edges": Array [
        Object {
          "cursor": "WyJwcmltYXJ5X2tleV9hc2MiLFsyXV0=",
          "node": Object {
            "boolean": true,
            "id": 2,
            "int": 2,
            "numeric": "0.2",
            "real": 0.2,
            "string": "Test",
          },
        },
        Object {
          "cursor": "WyJwcmltYXJ5X2tleV9hc2MiLFszXV0=",
          "node": Object {
            "boolean": false,
            "id": 3,
            "int": 3,
            "numeric": "0.3",
            "real": 0.3,
            "string": "tEST",
          },
        },
        Object {
          "cursor": "WyJwcmltYXJ5X2tleV9hc2MiLFs0XV0=",
          "node": Object {
            "boolean": false,
            "id": 4,
            "int": 4,
            "numeric": "0.4",
            "real": 0.4,
            "string": "test",
          },
        },
      ],
      "pageInfo": Object {
        "endCursor": "WyJwcmltYXJ5X2tleV9hc2MiLFs0XV0=",
        "hasNextPage": false,
        "hasPreviousPage": false,
        "startCursor": "WyJwcmltYXJ5X2tleV9hc2MiLFsyXV0=",
      },
      "totalCount": 3,
    },
    "string_distinctFrom_test": Object {
      "edges": Array [
        Object {
          "cursor": "WyJwcmltYXJ5X2tleV9hc2MiLFsxXV0=",
          "node": Object {
            "boolean": true,
            "id": 1,
            "int": 1,
            "numeric": "0.1",
            "real": 0.1,
            "string": "TEST",
          },
        },
        Object {
          "cursor": "WyJwcmltYXJ5X2tleV9hc2MiLFsyXV0=",
          "node": Object {
            "boolean": true,
            "id": 2,
            "int": 2,
            "numeric": "0.2",
            "real": 0.2,
            "string": "Test",
          },
        },
        Object {
          "cursor": "WyJwcmltYXJ5X2tleV9hc2MiLFszXV0=",
          "node": Object {
            "boolean": false,
            "id": 3,
            "int": 3,
            "numeric": "0.3",
            "real": 0.3,
            "string": "tEST",
          },
        },
        Object {
          "cursor": "WyJwcmltYXJ5X2tleV9hc2MiLFs1XV0=",
          "node": Object {
            "boolean": null,
            "id": 5,
            "int": null,
            "numeric": null,
            "real": null,
            "string": null,
          },
        },
      ],
      "pageInfo": Object {
        "endCursor": "WyJwcmltYXJ5X2tleV9hc2MiLFs1XV0=",
        "hasNextPage": false,
        "hasPreviousPage": false,
        "startCursor": "WyJwcmltYXJ5X2tleV9hc2MiLFsxXV0=",
      },
      "totalCount": 4,
    },
    "string_endsWithInsensitive_t": Object {
      "edges": Array [
        Object {
          "cursor": "WyJwcmltYXJ5X2tleV9hc2MiLFsxXV0=",
          "node": Object {
            "boolean": true,
            "id": 1,
            "int": 1,
            "numeric": "0.1",
            "real": 0.1,
            "string": "TEST",
          },
        },
        Object {
          "cursor": "WyJwcmltYXJ5X2tleV9hc2MiLFsyXV0=",
          "node": Object {
            "boolean": true,
            "id": 2,
            "int": 2,
            "numeric": "0.2",
            "real": 0.2,
            "string": "Test",
          },
        },
        Object {
          "cursor": "WyJwcmltYXJ5X2tleV9hc2MiLFszXV0=",
          "node": Object {
            "boolean": false,
            "id": 3,
            "int": 3,
            "numeric": "0.3",
            "real": 0.3,
            "string": "tEST",
          },
        },
        Object {
          "cursor": "WyJwcmltYXJ5X2tleV9hc2MiLFs0XV0=",
          "node": Object {
            "boolean": false,
            "id": 4,
            "int": 4,
            "numeric": "0.4",
            "real": 0.4,
            "string": "test",
          },
        },
      ],
      "pageInfo": Object {
        "endCursor": "WyJwcmltYXJ5X2tleV9hc2MiLFs0XV0=",
        "hasNextPage": false,
        "hasPreviousPage": false,
        "startCursor": "WyJwcmltYXJ5X2tleV9hc2MiLFsxXV0=",
      },
      "totalCount": 4,
    },
    "string_endsWith_t": Object {
      "edges": Array [
        Object {
          "cursor": "WyJwcmltYXJ5X2tleV9hc2MiLFsyXV0=",
          "node": Object {
            "boolean": true,
            "id": 2,
            "int": 2,
            "numeric": "0.2",
            "real": 0.2,
            "string": "Test",
          },
        },
        Object {
          "cursor": "WyJwcmltYXJ5X2tleV9hc2MiLFs0XV0=",
          "node": Object {
            "boolean": false,
            "id": 4,
            "int": 4,
            "numeric": "0.4",
            "real": 0.4,
            "string": "test",
          },
        },
      ],
      "pageInfo": Object {
        "endCursor": "WyJwcmltYXJ5X2tleV9hc2MiLFs0XV0=",
        "hasNextPage": false,
        "hasPreviousPage": false,
        "startCursor": "WyJwcmltYXJ5X2tleV9hc2MiLFsyXV0=",
      },
      "totalCount": 2,
    },
    "string_equalTo_test": Object {
      "edges": Array [
        Object {
          "cursor": "WyJwcmltYXJ5X2tleV9hc2MiLFs0XV0=",
          "node": Object {
            "boolean": false,
            "id": 4,
            "int": 4,
            "numeric": "0.4",
            "real": 0.4,
            "string": "test",
          },
        },
      ],
      "pageInfo": Object {
        "endCursor": "WyJwcmltYXJ5X2tleV9hc2MiLFs0XV0=",
        "hasNextPage": false,
        "hasPreviousPage": false,
        "startCursor": "WyJwcmltYXJ5X2tleV9hc2MiLFs0XV0=",
      },
      "totalCount": 1,
    },
    "string_isNull_false": Object {
      "edges": Array [
        Object {
          "cursor": "WyJwcmltYXJ5X2tleV9hc2MiLFsxXV0=",
          "node": Object {
            "boolean": true,
            "id": 1,
            "int": 1,
            "numeric": "0.1",
            "real": 0.1,
            "string": "TEST",
          },
        },
        Object {
          "cursor": "WyJwcmltYXJ5X2tleV9hc2MiLFsyXV0=",
          "node": Object {
            "boolean": true,
            "id": 2,
            "int": 2,
            "numeric": "0.2",
            "real": 0.2,
            "string": "Test",
          },
        },
        Object {
          "cursor": "WyJwcmltYXJ5X2tleV9hc2MiLFszXV0=",
          "node": Object {
            "boolean": false,
            "id": 3,
            "int": 3,
            "numeric": "0.3",
            "real": 0.3,
            "string": "tEST",
          },
        },
        Object {
          "cursor": "WyJwcmltYXJ5X2tleV9hc2MiLFs0XV0=",
          "node": Object {
            "boolean": false,
            "id": 4,
            "int": 4,
            "numeric": "0.4",
            "real": 0.4,
            "string": "test",
          },
        },
      ],
      "pageInfo": Object {
        "endCursor": "WyJwcmltYXJ5X2tleV9hc2MiLFs0XV0=",
        "hasNextPage": false,
        "hasPreviousPage": false,
        "startCursor": "WyJwcmltYXJ5X2tleV9hc2MiLFsxXV0=",
      },
      "totalCount": 4,
    },
    "string_isNull_true": Object {
      "edges": Array [
        Object {
          "cursor": "WyJwcmltYXJ5X2tleV9hc2MiLFs1XV0=",
          "node": Object {
            "boolean": null,
            "id": 5,
            "int": null,
            "numeric": null,
            "real": null,
            "string": null,
          },
        },
      ],
      "pageInfo": Object {
        "endCursor": "WyJwcmltYXJ5X2tleV9hc2MiLFs1XV0=",
        "hasNextPage": false,
        "hasPreviousPage": false,
        "startCursor": "WyJwcmltYXJ5X2tleV9hc2MiLFs1XV0=",
      },
      "totalCount": 1,
    },
    "string_likeInsensitive_es": Object {
      "edges": Array [
        Object {
          "cursor": "WyJwcmltYXJ5X2tleV9hc2MiLFsxXV0=",
          "node": Object {
            "boolean": true,
            "id": 1,
            "int": 1,
            "numeric": "0.1",
            "real": 0.1,
            "string": "TEST",
          },
        },
        Object {
          "cursor": "WyJwcmltYXJ5X2tleV9hc2MiLFsyXV0=",
          "node": Object {
            "boolean": true,
            "id": 2,
            "int": 2,
            "numeric": "0.2",
            "real": 0.2,
            "string": "Test",
          },
        },
        Object {
          "cursor": "WyJwcmltYXJ5X2tleV9hc2MiLFszXV0=",
          "node": Object {
            "boolean": false,
            "id": 3,
            "int": 3,
            "numeric": "0.3",
            "real": 0.3,
            "string": "tEST",
          },
        },
        Object {
          "cursor": "WyJwcmltYXJ5X2tleV9hc2MiLFs0XV0=",
          "node": Object {
            "boolean": false,
            "id": 4,
            "int": 4,
            "numeric": "0.4",
            "real": 0.4,
            "string": "test",
          },
        },
      ],
      "pageInfo": Object {
        "endCursor": "WyJwcmltYXJ5X2tleV9hc2MiLFs0XV0=",
        "hasNextPage": false,
        "hasPreviousPage": false,
        "startCursor": "WyJwcmltYXJ5X2tleV9hc2MiLFsxXV0=",
      },
      "totalCount": 4,
    },
    "string_like_es": Object {
      "edges": Array [
        Object {
          "cursor": "WyJwcmltYXJ5X2tleV9hc2MiLFsyXV0=",
          "node": Object {
            "boolean": true,
            "id": 2,
            "int": 2,
            "numeric": "0.2",
            "real": 0.2,
            "string": "Test",
          },
        },
        Object {
          "cursor": "WyJwcmltYXJ5X2tleV9hc2MiLFs0XV0=",
          "node": Object {
            "boolean": false,
            "id": 4,
            "int": 4,
            "numeric": "0.4",
            "real": 0.4,
            "string": "test",
          },
        },
      ],
      "pageInfo": Object {
        "endCursor": "WyJwcmltYXJ5X2tleV9hc2MiLFs0XV0=",
        "hasNextPage": false,
        "hasPreviousPage": false,
        "startCursor": "WyJwcmltYXJ5X2tleV9hc2MiLFsyXV0=",
      },
      "totalCount": 2,
    },
    "string_notContainsInsensitive_t": Object {
      "edges": Array [],
      "pageInfo": Object {
        "endCursor": null,
        "hasNextPage": false,
        "hasPreviousPage": false,
        "startCursor": null,
      },
      "totalCount": 0,
    },
    "string_notContains_t": Object {
      "edges": Array [
        Object {
          "cursor": "WyJwcmltYXJ5X2tleV9hc2MiLFsxXV0=",
          "node": Object {
            "boolean": true,
            "id": 1,
            "int": 1,
            "numeric": "0.1",
            "real": 0.1,
            "string": "TEST",
          },
        },
      ],
      "pageInfo": Object {
        "endCursor": "WyJwcmltYXJ5X2tleV9hc2MiLFsxXV0=",
        "hasNextPage": false,
        "hasPreviousPage": false,
        "startCursor": "WyJwcmltYXJ5X2tleV9hc2MiLFsxXV0=",
      },
      "totalCount": 1,
    },
    "string_notDistinctFrom_test": Object {
      "edges": Array [
        Object {
          "cursor": "WyJwcmltYXJ5X2tleV9hc2MiLFs0XV0=",
          "node": Object {
            "boolean": false,
            "id": 4,
            "int": 4,
            "numeric": "0.4",
            "real": 0.4,
            "string": "test",
          },
        },
      ],
      "pageInfo": Object {
        "endCursor": "WyJwcmltYXJ5X2tleV9hc2MiLFs0XV0=",
        "hasNextPage": false,
        "hasPreviousPage": false,
        "startCursor": "WyJwcmltYXJ5X2tleV9hc2MiLFs0XV0=",
      },
      "totalCount": 1,
    },
    "string_notEndsWithInsensitive_t": Object {
      "edges": Array [],
      "pageInfo": Object {
        "endCursor": null,
        "hasNextPage": false,
        "hasPreviousPage": false,
        "startCursor": null,
      },
      "totalCount": 0,
    },
    "string_notEndsWith_t": Object {
      "edges": Array [
        Object {
          "cursor": "WyJwcmltYXJ5X2tleV9hc2MiLFsxXV0=",
          "node": Object {
            "boolean": true,
            "id": 1,
            "int": 1,
            "numeric": "0.1",
            "real": 0.1,
            "string": "TEST",
          },
        },
        Object {
          "cursor": "WyJwcmltYXJ5X2tleV9hc2MiLFszXV0=",
          "node": Object {
            "boolean": false,
            "id": 3,
            "int": 3,
            "numeric": "0.3",
            "real": 0.3,
            "string": "tEST",
          },
        },
      ],
      "pageInfo": Object {
        "endCursor": "WyJwcmltYXJ5X2tleV9hc2MiLFszXV0=",
        "hasNextPage": false,
        "hasPreviousPage": false,
        "startCursor": "WyJwcmltYXJ5X2tleV9hc2MiLFsxXV0=",
      },
      "totalCount": 2,
    },
    "string_notEqualTo_test": Object {
      "edges": Array [
        Object {
          "cursor": "WyJwcmltYXJ5X2tleV9hc2MiLFsxXV0=",
          "node": Object {
            "boolean": true,
            "id": 1,
            "int": 1,
            "numeric": "0.1",
            "real": 0.1,
            "string": "TEST",
          },
        },
        Object {
          "cursor": "WyJwcmltYXJ5X2tleV9hc2MiLFsyXV0=",
          "node": Object {
            "boolean": true,
            "id": 2,
            "int": 2,
            "numeric": "0.2",
            "real": 0.2,
            "string": "Test",
          },
        },
        Object {
          "cursor": "WyJwcmltYXJ5X2tleV9hc2MiLFszXV0=",
          "node": Object {
            "boolean": false,
            "id": 3,
            "int": 3,
            "numeric": "0.3",
            "real": 0.3,
            "string": "tEST",
          },
        },
      ],
      "pageInfo": Object {
        "endCursor": "WyJwcmltYXJ5X2tleV9hc2MiLFszXV0=",
        "hasNextPage": false,
        "hasPreviousPage": false,
        "startCursor": "WyJwcmltYXJ5X2tleV9hc2MiLFsxXV0=",
      },
      "totalCount": 3,
    },
    "string_notLikeInsensitive_es": Object {
      "edges": Array [],
      "pageInfo": Object {
        "endCursor": null,
        "hasNextPage": false,
        "hasPreviousPage": false,
        "startCursor": null,
      },
      "totalCount": 0,
    },
    "string_notLike_es": Object {
      "edges": Array [
        Object {
          "cursor": "WyJwcmltYXJ5X2tleV9hc2MiLFsxXV0=",
          "node": Object {
            "boolean": true,
            "id": 1,
            "int": 1,
            "numeric": "0.1",
            "real": 0.1,
            "string": "TEST",
          },
        },
        Object {
          "cursor": "WyJwcmltYXJ5X2tleV9hc2MiLFszXV0=",
          "node": Object {
            "boolean": false,
            "id": 3,
            "int": 3,
            "numeric": "0.3",
            "real": 0.3,
            "string": "tEST",
          },
        },
      ],
      "pageInfo": Object {
        "endCursor": "WyJwcmltYXJ5X2tleV9hc2MiLFszXV0=",
        "hasNextPage": false,
        "hasPreviousPage": false,
        "startCursor": "WyJwcmltYXJ5X2tleV9hc2MiLFsxXV0=",
      },
      "totalCount": 2,
    },
    "string_notSimilarTo_te_or_st": Object {
      "edges": Array [
        Object {
          "cursor": "WyJwcmltYXJ5X2tleV9hc2MiLFsxXV0=",
          "node": Object {
            "boolean": true,
            "id": 1,
            "int": 1,
            "numeric": "0.1",
            "real": 0.1,
            "string": "TEST",
          },
        },
        Object {
          "cursor": "WyJwcmltYXJ5X2tleV9hc2MiLFszXV0=",
          "node": Object {
            "boolean": false,
            "id": 3,
            "int": 3,
            "numeric": "0.3",
            "real": 0.3,
            "string": "tEST",
          },
        },
      ],
      "pageInfo": Object {
        "endCursor": "WyJwcmltYXJ5X2tleV9hc2MiLFszXV0=",
        "hasNextPage": false,
        "hasPreviousPage": false,
        "startCursor": "WyJwcmltYXJ5X2tleV9hc2MiLFsxXV0=",
      },
      "totalCount": 2,
    },
    "string_notStartsWithInsensitive_t": Object {
      "edges": Array [],
      "pageInfo": Object {
        "endCursor": null,
        "hasNextPage": false,
        "hasPreviousPage": false,
        "startCursor": null,
      },
      "totalCount": 0,
    },
    "string_notStartsWith_t": Object {
      "edges": Array [
        Object {
          "cursor": "WyJwcmltYXJ5X2tleV9hc2MiLFsxXV0=",
          "node": Object {
            "boolean": true,
            "id": 1,
            "int": 1,
            "numeric": "0.1",
            "real": 0.1,
            "string": "TEST",
          },
        },
        Object {
          "cursor": "WyJwcmltYXJ5X2tleV9hc2MiLFsyXV0=",
          "node": Object {
            "boolean": true,
            "id": 2,
            "int": 2,
            "numeric": "0.2",
            "real": 0.2,
            "string": "Test",
          },
        },
      ],
      "pageInfo": Object {
        "endCursor": "WyJwcmltYXJ5X2tleV9hc2MiLFsyXV0=",
        "hasNextPage": false,
        "hasPreviousPage": false,
        "startCursor": "WyJwcmltYXJ5X2tleV9hc2MiLFsxXV0=",
      },
      "totalCount": 2,
    },
    "string_similarTo_te_or_st": Object {
      "edges": Array [
        Object {
          "cursor": "WyJwcmltYXJ5X2tleV9hc2MiLFsyXV0=",
          "node": Object {
            "boolean": true,
            "id": 2,
            "int": 2,
            "numeric": "0.2",
            "real": 0.2,
            "string": "Test",
          },
        },
        Object {
          "cursor": "WyJwcmltYXJ5X2tleV9hc2MiLFs0XV0=",
          "node": Object {
            "boolean": false,
            "id": 4,
            "int": 4,
            "numeric": "0.4",
            "real": 0.4,
            "string": "test",
          },
        },
      ],
      "pageInfo": Object {
        "endCursor": "WyJwcmltYXJ5X2tleV9hc2MiLFs0XV0=",
        "hasNextPage": false,
        "hasPreviousPage": false,
        "startCursor": "WyJwcmltYXJ5X2tleV9hc2MiLFsyXV0=",
      },
      "totalCount": 2,
    },
    "string_startsWithInsensitive_t": Object {
      "edges": Array [
        Object {
          "cursor": "WyJwcmltYXJ5X2tleV9hc2MiLFsxXV0=",
          "node": Object {
            "boolean": true,
            "id": 1,
            "int": 1,
            "numeric": "0.1",
            "real": 0.1,
            "string": "TEST",
          },
        },
        Object {
          "cursor": "WyJwcmltYXJ5X2tleV9hc2MiLFsyXV0=",
          "node": Object {
            "boolean": true,
            "id": 2,
            "int": 2,
            "numeric": "0.2",
            "real": 0.2,
            "string": "Test",
          },
        },
        Object {
          "cursor": "WyJwcmltYXJ5X2tleV9hc2MiLFszXV0=",
          "node": Object {
            "boolean": false,
            "id": 3,
            "int": 3,
            "numeric": "0.3",
            "real": 0.3,
            "string": "tEST",
          },
        },
        Object {
          "cursor": "WyJwcmltYXJ5X2tleV9hc2MiLFs0XV0=",
          "node": Object {
            "boolean": false,
            "id": 4,
            "int": 4,
            "numeric": "0.4",
            "real": 0.4,
            "string": "test",
          },
        },
      ],
      "pageInfo": Object {
        "endCursor": "WyJwcmltYXJ5X2tleV9hc2MiLFs0XV0=",
        "hasNextPage": false,
        "hasPreviousPage": false,
        "startCursor": "WyJwcmltYXJ5X2tleV9hc2MiLFsxXV0=",
      },
      "totalCount": 4,
    },
    "string_startsWith_t": Object {
      "edges": Array [
        Object {
          "cursor": "WyJwcmltYXJ5X2tleV9hc2MiLFszXV0=",
          "node": Object {
            "boolean": false,
            "id": 3,
            "int": 3,
            "numeric": "0.3",
            "real": 0.3,
            "string": "tEST",
          },
        },
        Object {
          "cursor": "WyJwcmltYXJ5X2tleV9hc2MiLFs0XV0=",
          "node": Object {
            "boolean": false,
            "id": 4,
            "int": 4,
            "numeric": "0.4",
            "real": 0.4,
            "string": "test",
          },
        },
      ],
      "pageInfo": Object {
        "endCursor": "WyJwcmltYXJ5X2tleV9hc2MiLFs0XV0=",
        "hasNextPage": false,
        "hasPreviousPage": false,
        "startCursor": "WyJwcmltYXJ5X2tleV9hc2MiLFszXV0=",
      },
      "totalCount": 2,
    },
  },
}
`;
